Checking Python dependencies...
Python requirements from /home/trex/esp/ESP8266_RTOS_SDK/requirements.txt are satisfied.
Executing action: monitor
Running idf_monitor in directory /home/trex/esp/LAB1-_816012810_hello_world
Executing "/home/trex/.espressif/python_env/rtos3.4_py3.8_env/bin/python /home/trex/esp/ESP8266_RTOS_SDK/tools/idf_monitor.py -p /dev/ttyUSB0 -b 74880 /home/trex/esp/LAB1-_816012810_hello_world/build/hello-world.elf -m '/home/trex/.espressif/python_env/rtos3.4_py3.8_env/bin/python' '/home/trex/esp/ESP8266_RTOS_SDK/tools/idf.py' '-p' '/dev/ttyUSB0'"...
--- idf_monitor on /dev/ttyUSB0 74880 ---
--- Quit: Ctrl+] | Menu: Ctrl+T | Help: Ctrl+T followed by Ctrl+H ---

 ets Jan  8 2013,rst cause:1, boot mode:(3,6)

load 0x40100000, len 7032, room 16 
tail 8
chksum 0x94
load 0x3ffe8408, len 24, room 0 
tail 8
chksum 0x2d
load 0x3ffe8420, len 3328, room 0 
tail 0
chksum 0x35
csum 0x35
I (43) boot: ESP-IDF v3.4-dev-383-gb921e0c3 2nd stage bootloader
I (43) boot: compile time 21:09:29
I (44) boot: SPI Speed      : 40MHz
I (50) boot: SPI Mode       : DOUT
I (56) boot: SPI Flash Size : 1MB
I (63) boot: Partition Table:
I (68) boot: ## Label            Usage          Type ST Offset   Length
I (79) boot:  0 nvs              WiFi data        01 02 00009000 00006000
I (91) boot:  1 phy_init         RF data          01 01 0000f000 00001000
I (102) boot:  2 factory          factory app      00 00 00010000 000f0000
I (114) boot: End of partition table
I (120) esp_image: segment 0: paddr=0x00010010 vaddr=0x40210010 size=0x1b05c (110684) map
0x40210010: _stext at ??:?

I (182) esp_image: segment 1: paddr=0x0002b074 vaddr=0x4022b06c size=0x06ee0 ( 28384) map
I (195) esp_image: segment 2: paddr=0x00031f5c vaddr=0x3ffe8000 size=0x00554 (  1364) load
I (197) esp_image: segment 3: paddr=0x000324b8 vaddr=0x40100000 size=0x00080 (   128) load
I (207) esp_image: segment 4: paddr=0x00032540 vaddr=0x40100080 size=0x04ebc ( 20156) load
I (229) boot: Loaded app from partition at offset 0x10000
Hello world! My Name is Tyrel Cadogan #816012810
portTICK_PERIOD_MS: 10This is ESP8266 chip with 1 CPU cores, WiFi, silicon revision 1, 1MB external flash
Restarting in 10 seconds...
Restarting in 9 seconds...
Restarting in 8 seconds...
Restarting in 7 seconds...
Restarting in 6 seconds...
Restarting in 5 seconds...
Restarting in 4 seconds...
Restarting in 3 seconds...
Restarting in 2 seconds...
Restarting in 1 seconds...
Restarting in 0 seconds...
Restarting now.

 ets Jan  8 2013,rst cause:1, boot mode:(3,6)

load 0x40100000, len 7032, room 16 
tail 8
chksum 0x94
load 0x3ffe8408, len 24, room 0 
tail 8
chksum 0x2d
load 0x3ffe8420, len 3328, room 0 
tail 0
chksum 0x35
csum 0x35
I (80) boot: ESP-IDF v3.4-dev-383-gb921e0c3 2nd stage bootloader
I (80) boot: compile time 21:09:29
I (82) boot: SPI Speed      : 40MHz
I (95) boot: SPI Mode       : DOUT
I (107) boot: SPI Flash Size : 1MB
I (120) boot: Partition Table:
I (131) boot: ## Label            Usage          Type ST Offset   Length
I (154) boot:  0 nvs              WiFi data        01 02 00009000 00006000
I (177) boot:  1 phy_init         RF data          01 01 0000f000 00001000
I (200) boot:  2 factory          factory app      00 00 00010000 000f0000
I (224) boot: End of partition table
I (237) esp_image: segment 0: paddr=0x00010010 vaddr=0x40210010 size=0x1b05c (110684) map
0x40210010: _stext at ??:?

I (338) esp_image: segment 1: paddr=0x0002b074 vaddr=0x4022b06c size=0x06ee0 ( 28384) map
I (358) esp_image: segment 2: paddr=0x00031f5c vaddr=0x3ffe8000 size=0x00554 (  1364) load
I (360) esp_image: segment 3: paddr=0x000324b8 vaddr=0x40100000 size=0x00080 (   128) load
I (388) esp_image: segment 4: paddr=0x00032540 vaddr=0x40100080 size=0x04ebc ( 20156) load
I (427) boot: Loaded app from partition at offset 0x10000
Hello world! My Name is Tyrel Cadogan #816012810
portTICK_PERIOD_MS: 10This is ESP8266 chip with 1 CPU cores, WiFi, silicon revision 1, 1MB external flash
Restarting in 10 seconds...
Restarting in 9 seconds...
